CRITICAL - 2026-05-07 08:46:26 --> Error: Class "App\Controllers\UtilisateurModel" not found
[Method: GET, Route: /]
in APPPATH\Controllers\UtilisateurController.php on line 14.
 1 SYSTEMPATH\CodeIgniter.php(921): App\Controllers\UtilisateurController->__construct()
 2 SYSTEMPATH\CodeIgniter.php(488): CodeIgniter\CodeIgniter->createController()
 3 SYSTEMPATH\CodeIgniter.php(340): CodeIgniter\CodeIgniter->handleRequest(null, Object(Config\Cache), false)
 4 SYSTEMPATH\Boot.php(417): CodeIgniter\CodeIgniter->run()
 5 SYSTEMPATH\Boot.php(68): CodeIgniter\Boot::runCodeIgniter(Object(CodeIgniter\CodeIgniter))
 6 FCPATH\index.php(59): CodeIgniter\Boot::bootWeb(Object(Config\Paths))
ERROR - 2026-05-07 08:47:21 --> Error connecting to the database: mysqli_sql_exception: Aucune connexion n’a pu être établie car l’ordinateur cible l’a expressément refusée in C:\Users\Hatif\Documents\S4\MrRojo\Regime\system\Database\MySQLi\Connection.php:201
Stack trace:
#0 C:\Users\Hatif\Documents\S4\MrRojo\Regime\system\Database\MySQLi\Connection.php(201): mysqli->real_connect('localhost', 'root', Object(SensitiveParameterValue), 'regime', 3306, '', 0)
#1 C:\Users\Hatif\Documents\S4\MrRojo\Regime\system\Database\BaseConnection.php(555): CodeIgniter\Database\MySQLi\Connection->connect(false)
#2 C:\Users\Hatif\Documents\S4\MrRojo\Regime\system\Database\BaseConnection.php(795): CodeIgniter\Database\BaseConnection->initialize()
#3 C:\Users\Hatif\Documents\S4\MrRojo\Regime\system\Database\BaseBuilder.php(1649): CodeIgniter\Database\BaseConnection->query('SELECT *\nFROM `...', Array, false)
#4 C:\Users\Hatif\Documents\S4\MrRojo\Regime\system\Model.php(295): CodeIgniter\Database\BaseBuilder->get()
#5 C:\Users\Hatif\Documents\S4\MrRojo\Regime\system\BaseModel.php(714): CodeIgniter\Model->doFirst()
#6 C:\Users\Hatif\Documents\S4\MrRojo\Regime\app\Controllers\UtilisateurController.php(20): CodeIgniter\BaseModel->first()
#7 C:\Users\Hatif\Documents\S4\MrRojo\Regime\system\CodeIgniter.php(951): App\Controllers\UtilisateurController->login()
#8 C:\Users\Hatif\Documents\S4\MrRojo\Regime\system\CodeIgniter.php(497): CodeIgniter\CodeIgniter->runController(Object(App\Controllers\UtilisateurController))
#9 C:\Users\Hatif\Documents\S4\MrRojo\Regime\system\CodeIgniter.php(340): CodeIgniter\CodeIgniter->handleRequest(NULL, Object(Config\Cache), false)
#10 C:\Users\Hatif\Documents\S4\MrRojo\Regime\system\Boot.php(417): CodeIgniter\CodeIgniter->run()
#11 C:\Users\Hatif\Documents\S4\MrRojo\Regime\system\Boot.php(68): CodeIgniter\Boot::runCodeIgniter(Object(CodeIgniter\CodeIgniter))
#12 C:\Users\Hatif\Documents\S4\MrRojo\Regime\public\index.php(59): CodeIgniter\Boot::bootWeb(Object(Config\Paths))
#13 {main}

Next CodeIgniter\Database\Exceptions\DatabaseException: Aucune connexion n’a pu être établie car l’ordinateur cible l’a expressément refusée in C:\Users\Hatif\Documents\S4\MrRojo\Regime\system\Database\MySQLi\Connection.php:231
Stack trace:
#0 C:\Users\Hatif\Documents\S4\MrRojo\Regime\system\Database\BaseConnection.php(555): CodeIgniter\Database\MySQLi\Connection->connect(false)
#1 C:\Users\Hatif\Documents\S4\MrRojo\Regime\system\Database\BaseConnection.php(795): CodeIgniter\Database\BaseConnection->initialize()
#2 C:\Users\Hatif\Documents\S4\MrRojo\Regime\system\Database\BaseBuilder.php(1649): CodeIgniter\Database\BaseConnection->query('SELECT *\nFROM `...', Array, false)
#3 C:\Users\Hatif\Documents\S4\MrRojo\Regime\system\Model.php(295): CodeIgniter\Database\BaseBuilder->get()
#4 C:\Users\Hatif\Documents\S4\MrRojo\Regime\system\BaseModel.php(714): CodeIgniter\Model->doFirst()
#5 C:\Users\Hatif\Documents\S4\MrRojo\Regime\app\Controllers\UtilisateurController.php(20): CodeIgniter\BaseModel->first()
#6 C:\Users\Hatif\Documents\S4\MrRojo\Regime\system\CodeIgniter.php(951): App\Controllers\UtilisateurController->login()
#7 C:\Users\Hatif\Documents\S4\MrRojo\Regime\system\CodeIgniter.php(497): CodeIgniter\CodeIgniter->runController(Object(App\Controllers\UtilisateurController))
#8 C:\Users\Hatif\Documents\S4\MrRojo\Regime\system\CodeIgniter.php(340): CodeIgniter\CodeIgniter->handleRequest(NULL, Object(Config\Cache), false)
#9 C:\Users\Hatif\Documents\S4\MrRojo\Regime\system\Boot.php(417): CodeIgniter\CodeIgniter->run()
#10 C:\Users\Hatif\Documents\S4\MrRojo\Regime\system\Boot.php(68): CodeIgniter\Boot::runCodeIgniter(Object(CodeIgniter\CodeIgniter))
#11 C:\Users\Hatif\Documents\S4\MrRojo\Regime\public\index.php(59): CodeIgniter\Boot::bootWeb(Object(Config\Paths))
#12 {main}
CRITICAL - 2026-05-07 08:47:21 --> CodeIgniter\Database\Exceptions\DatabaseException: Unable to connect to the database.
Main connection [MySQLi]: Aucune connexion n’a pu être établie car l’ordinateur cible l’a expressément refusée
[Method: GET, Route: /]
in SYSTEMPATH\Database\BaseConnection.php on line 606.
 1 SYSTEMPATH\Database\BaseConnection.php(795): CodeIgniter\Database\BaseConnection->initialize()
 2 SYSTEMPATH\Database\BaseBuilder.php(1649): CodeIgniter\Database\BaseConnection->query('SELECT *
FROM `utilisateur`
 LIMIT 1', [], false)
 3 SYSTEMPATH\Model.php(295): CodeIgniter\Database\BaseBuilder->get()
 4 SYSTEMPATH\BaseModel.php(714): CodeIgniter\Model->doFirst()
 5 APPPATH\Controllers\UtilisateurController.php(20): CodeIgniter\BaseModel->first()
 6 SYSTEMPATH\CodeIgniter.php(951): App\Controllers\UtilisateurController->login()
 7 SYSTEMPATH\CodeIgniter.php(497): CodeIgniter\CodeIgniter->runController(Object(App\Controllers\UtilisateurController))
 8 SYSTEMPATH\CodeIgniter.php(340): CodeIgniter\CodeIgniter->handleRequest(null, Object(Config\Cache), false)
 9 SYSTEMPATH\Boot.php(417): CodeIgniter\CodeIgniter->run()
10 SYSTEMPATH\Boot.php(68): CodeIgniter\Boot::runCodeIgniter(Object(CodeIgniter\CodeIgniter))
11 FCPATH\index.php(59): CodeIgniter\Boot::bootWeb(Object(Config\Paths))
DEBUG - 2026-05-07 08:49:36 --> Session: Class initialized using 'CodeIgniter\Session\Handlers\FileHandler' driver.
DEBUG - 2026-05-07 08:49:40 --> Session: Class initialized using 'CodeIgniter\Session\Handlers\FileHandler' driver.
