ERROR - 2026-05-10 11:00:38 --> Error connecting to the database: mysqli_sql_exception: No such file or directory in /home/sandih/Sandih/S4/Mr-Rojo/Regime/system/Database/MySQLi/Connection.php:201
Stack trace:
#0 /home/sandih/Sandih/S4/Mr-Rojo/Regime/system/Database/MySQLi/Connection.php(201): mysqli->real_connect()
#1 /home/sandih/Sandih/S4/Mr-Rojo/Regime/system/Database/BaseConnection.php(555): CodeIgniter\Database\MySQLi\Connection->connect()
#2 /home/sandih/Sandih/S4/Mr-Rojo/Regime/system/Database/BaseConnection.php(795): CodeIgniter\Database\BaseConnection->initialize()
#3 /home/sandih/Sandih/S4/Mr-Rojo/Regime/system/Database/BaseBuilder.php(1649): CodeIgniter\Database\BaseConnection->query()
#4 /home/sandih/Sandih/S4/Mr-Rojo/Regime/system/Model.php(295): CodeIgniter\Database\BaseBuilder->get()
#5 /home/sandih/Sandih/S4/Mr-Rojo/Regime/system/BaseModel.php(714): CodeIgniter\Model->doFirst()
#6 /home/sandih/Sandih/S4/Mr-Rojo/Regime/app/Controllers/AdminController.php(17): CodeIgniter\BaseModel->first()
#7 /home/sandih/Sandih/S4/Mr-Rojo/Regime/system/CodeIgniter.php(951): App\Controllers\AdminController->login()
#8 /home/sandih/Sandih/S4/Mr-Rojo/Regime/system/CodeIgniter.php(497): CodeIgniter\CodeIgniter->runController()
#9 /home/sandih/Sandih/S4/Mr-Rojo/Regime/system/CodeIgniter.php(340): CodeIgniter\CodeIgniter->handleRequest()
#10 /home/sandih/Sandih/S4/Mr-Rojo/Regime/system/Boot.php(417): CodeIgniter\CodeIgniter->run()
#11 /home/sandih/Sandih/S4/Mr-Rojo/Regime/system/Boot.php(68): CodeIgniter\Boot::runCodeIgniter()
#12 /home/sandih/Sandih/S4/Mr-Rojo/Regime/public/index.php(59): CodeIgniter\Boot::bootWeb()
#13 {main}

Next CodeIgniter\Database\Exceptions\DatabaseException: No such file or directory in /home/sandih/Sandih/S4/Mr-Rojo/Regime/system/Database/MySQLi/Connection.php:231
Stack trace:
#0 /home/sandih/Sandih/S4/Mr-Rojo/Regime/system/Database/BaseConnection.php(555): CodeIgniter\Database\MySQLi\Connection->connect()
#1 /home/sandih/Sandih/S4/Mr-Rojo/Regime/system/Database/BaseConnection.php(795): CodeIgniter\Database\BaseConnection->initialize()
#2 /home/sandih/Sandih/S4/Mr-Rojo/Regime/system/Database/BaseBuilder.php(1649): CodeIgniter\Database\BaseConnection->query()
#3 /home/sandih/Sandih/S4/Mr-Rojo/Regime/system/Model.php(295): CodeIgniter\Database\BaseBuilder->get()
#4 /home/sandih/Sandih/S4/Mr-Rojo/Regime/system/BaseModel.php(714): CodeIgniter\Model->doFirst()
#5 /home/sandih/Sandih/S4/Mr-Rojo/Regime/app/Controllers/AdminController.php(17): CodeIgniter\BaseModel->first()
#6 /home/sandih/Sandih/S4/Mr-Rojo/Regime/system/CodeIgniter.php(951): App\Controllers\AdminController->login()
#7 /home/sandih/Sandih/S4/Mr-Rojo/Regime/system/CodeIgniter.php(497): CodeIgniter\CodeIgniter->runController()
#8 /home/sandih/Sandih/S4/Mr-Rojo/Regime/system/CodeIgniter.php(340): CodeIgniter\CodeIgniter->handleRequest()
#9 /home/sandih/Sandih/S4/Mr-Rojo/Regime/system/Boot.php(417): CodeIgniter\CodeIgniter->run()
#10 /home/sandih/Sandih/S4/Mr-Rojo/Regime/system/Boot.php(68): CodeIgniter\Boot::runCodeIgniter()
#11 /home/sandih/Sandih/S4/Mr-Rojo/Regime/public/index.php(59): CodeIgniter\Boot::bootWeb()
#12 {main}
CRITICAL - 2026-05-10 11:00:38 --> CodeIgniter\Database\Exceptions\DatabaseException: Unable to connect to the database.
Main connection [MySQLi]: No such file or directory
[Method: GET, Route: adminAuth]
in SYSTEMPATH/Database/BaseConnection.php on line 606.
 1 SYSTEMPATH/Database/BaseConnection.php(795): CodeIgniter\Database\BaseConnection->initialize()
 2 SYSTEMPATH/Database/BaseBuilder.php(1649): CodeIgniter\Database\BaseConnection->query()
 3 SYSTEMPATH/Model.php(295): CodeIgniter\Database\BaseBuilder->get()
 4 SYSTEMPATH/BaseModel.php(714): CodeIgniter\Model->doFirst()
 5 APPPATH/Controllers/AdminController.php(17): CodeIgniter\BaseModel->first()
 6 SYSTEMPATH/CodeIgniter.php(951): App\Controllers\AdminController->login()
 7 SYSTEMPATH/CodeIgniter.php(497): CodeIgniter\CodeIgniter->runController()
 8 SYSTEMPATH/CodeIgniter.php(340): CodeIgniter\CodeIgniter->handleRequest()
 9 SYSTEMPATH/Boot.php(417): CodeIgniter\CodeIgniter->run()
10 SYSTEMPATH/Boot.php(68): CodeIgniter\Boot::runCodeIgniter()
11 FCPATH/index.php(59): CodeIgniter\Boot::bootWeb()
DEBUG - 2026-05-10 11:01:13 --> Session: Class initialized using 'CodeIgniter\Session\Handlers\FileHandler' driver.
DEBUG - 2026-05-10 11:01:13 --> Session: Class initialized using 'CodeIgniter\Session\Handlers\FileHandler' driver.
DEBUG - 2026-05-10 11:01:15 --> Session: Class initialized using 'CodeIgniter\Session\Handlers\FileHandler' driver.
DEBUG - 2026-05-10 11:01:18 --> Session: Class initialized using 'CodeIgniter\Session\Handlers\FileHandler' driver.
DEBUG - 2026-05-10 11:01:24 --> Session: Class initialized using 'CodeIgniter\Session\Handlers\FileHandler' driver.
