DEBUG - 2026-05-08 09:02:30 --> Session: Class initialized using 'CodeIgniter\Session\Handlers\FileHandler' driver.
DEBUG - 2026-05-08 09:03:06 --> Session: Class initialized using 'CodeIgniter\Session\Handlers\FileHandler' driver.
ERROR - 2026-05-08 09:06:40 --> Unknown column 'created_at' in 'field list'
in SYSTEMPATH\Database\MySQLi\Connection.php on line 300.
 1 SYSTEMPATH\Database\MySQLi\Connection.php(300): mysqli->query('INSERT INTO `utilisateur` (`nom`, `mot_de_passe`, `genre`, `date_inscription`, `gold`, `created_at`, `updated_at`) VALUES (\'CR7\', \'$2y$10$OfP27d0j8nUxYlTseNjUz./EwVDEhXG0mx/mb5NniYgq.5tUh9LZG\', \'Homme\', \'2026-05-08 09:06:39\', 0, \'2026-05-08 09:06:40\', \'2026-05-08 09:06:40\')', 0)
 2 SYSTEMPATH\Database\BaseConnection.php(910): CodeIgniter\Database\MySQLi\Connection->execute('INSERT INTO `utilisateur` (`nom`, `mot_de_passe`, `genre`, `date_inscription`, `gold`, `created_at`, `updated_at`) VALUES (\'CR7\', \'$2y$10$OfP27d0j8nUxYlTseNjUz./EwVDEhXG0mx/mb5NniYgq.5tUh9LZG\', \'Homme\', \'2026-05-08 09:06:39\', 0, \'2026-05-08 09:06:40\', \'2026-05-08 09:06:40\')')
 3 SYSTEMPATH\Database\BaseConnection.php(827): CodeIgniter\Database\BaseConnection->simpleQuery('INSERT INTO `utilisateur` (`nom`, `mot_de_passe`, `genre`, `date_inscription`, `gold`, `created_at`, `updated_at`) VALUES (\'CR7\', \'$2y$10$OfP27d0j8nUxYlTseNjUz./EwVDEhXG0mx/mb5NniYgq.5tUh9LZG\', \'Homme\', \'2026-05-08 09:06:39\', 0, \'2026-05-08 09:06:40\', \'2026-05-08 09:06:40\')')
 4 SYSTEMPATH\Database\BaseBuilder.php(2345): CodeIgniter\Database\BaseConnection->query('INSERT INTO `utilisateur` (`nom`, `mot_de_passe`, `genre`, `date_inscription`, `gold`, `created_at`, `updated_at`) VALUES (:nom:, :mot_de_passe:, :genre:, :date_inscription:, :gold:, :created_at:, :updated_at:)', [...], false)
 5 SYSTEMPATH\Model.php(355): CodeIgniter\Database\BaseBuilder->insert()
 6 SYSTEMPATH\BaseModel.php(899): CodeIgniter\Model->doInsert([...])
 7 SYSTEMPATH\Model.php(668): CodeIgniter\BaseModel->insert([...], true)
 8 APPPATH\Models\UtilisateurModel.php(45): CodeIgniter\Model->insert([...])
 9 APPPATH\Controllers\UtilisateurController.php(75): App\Models\UtilisateurModel->createUser('CR7', 'siu', 'Homme')
10 SYSTEMPATH\CodeIgniter.php(951): App\Controllers\UtilisateurController->createUser()
11 SYSTEMPATH\CodeIgniter.php(497): CodeIgniter\CodeIgniter->runController(Object(App\Controllers\UtilisateurController))
12 SYSTEMPATH\CodeIgniter.php(340): CodeIgniter\CodeIgniter->handleRequest(null, Object(Config\Cache), false)
13 SYSTEMPATH\Boot.php(417): CodeIgniter\CodeIgniter->run()
14 SYSTEMPATH\Boot.php(68): CodeIgniter\Boot::runCodeIgniter(Object(CodeIgniter\CodeIgniter))
15 FCPATH\index.php(59): CodeIgniter\Boot::bootWeb(Object(Config\Paths))
DEBUG - 2026-05-08 09:06:40 --> Session: Class initialized using 'CodeIgniter\Session\Handlers\FileHandler' driver.
DEBUG - 2026-05-08 09:12:17 --> Session: Class initialized using 'CodeIgniter\Session\Handlers\FileHandler' driver.
DEBUG - 2026-05-08 09:26:55 --> Session: Class initialized using 'CodeIgniter\Session\Handlers\FileHandler' driver.
DEBUG - 2026-05-08 09:27:21 --> Session: Class initialized using 'CodeIgniter\Session\Handlers\FileHandler' driver.
DEBUG - 2026-05-08 09:27:24 --> Session: Class initialized using 'CodeIgniter\Session\Handlers\FileHandler' driver.
DEBUG - 2026-05-08 09:27:33 --> Session: Class initialized using 'CodeIgniter\Session\Handlers\FileHandler' driver.
DEBUG - 2026-05-08 09:27:41 --> Session: Class initialized using 'CodeIgniter\Session\Handlers\FileHandler' driver.
CRITICAL - 2026-05-08 09:59:19 --> Error: Class "App\Controllers\SanteUtilisateurModel" not found
[Method: GET, Route: signin]
in APPPATH\Controllers\UtilisateurController.php on line 15.
 1 SYSTEMPATH\CodeIgniter.php(921): App\Controllers\UtilisateurController->__construct()
 2 SYSTEMPATH\CodeIgniter.php(488): CodeIgniter\CodeIgniter->createController()
 3 SYSTEMPATH\CodeIgniter.php(340): CodeIgniter\CodeIgniter->handleRequest(null, Object(Config\Cache), false)
 4 SYSTEMPATH\Boot.php(417): CodeIgniter\CodeIgniter->run()
 5 SYSTEMPATH\Boot.php(68): CodeIgniter\Boot::runCodeIgniter(Object(CodeIgniter\CodeIgniter))
 6 FCPATH\index.php(59): CodeIgniter\Boot::bootWeb(Object(Config\Paths))
